Algorithms 16 key=Zombies
Extra algorithms 19 self-tests PASS key=Zombies
PROGRESS SAFE32 partition=1 keys=10000 ordinal=19999 cases=6080000 nodes=15388190 candidates=0 capped=0 long_erasure=0 seconds=10.1963
PROGRESS SAFE32 partition=1 keys=20000 ordinal=39999 cases=12160000 nodes=29578735 candidates=0 capped=0 long_erasure=0 seconds=23.1724
PROGRESS SAFE32 partition=1 keys=30000 ordinal=59999 cases=18240000 nodes=82903473 candidates=0 capped=0 long_erasure=0 seconds=50.5392
PROGRESS SAFE32 partition=1 keys=40000 ordinal=79999 cases=24320000 nodes=117548388 candidates=0 capped=0 long_erasure=0 seconds=70.0161
PROGRESS SAFE32 partition=1 keys=50000 ordinal=99999 cases=30400000 nodes=172756473 candidates=0 capped=0 long_erasure=0 seconds=96.9535
PROGRESS SAFE32 partition=1 keys=60000 ordinal=119999 cases=36480000 nodes=207076384 candidates=0 capped=0 long_erasure=0 seconds=116.126
PROGRESS SAFE32 partition=1 keys=70000 ordinal=139999 cases=42560000 nodes=258961537 candidates=0 capped=0 long_erasure=0 seconds=141.562
PROGRESS SAFE32 partition=1 keys=80000 ordinal=159999 cases=48640000 nodes=292316022 candidates=0 capped=0 long_erasure=0 seconds=160.422
PROGRESS SAFE32 partition=1 keys=90000 ordinal=179999 cases=54720000 nodes=346519837 candidates=0 capped=0 long_erasure=0 seconds=186.478
PROGRESS SAFE32 partition=1 keys=100000 ordinal=199999 cases=60800000 nodes=380536659 candidates=0 capped=0 long_erasure=0 seconds=208.579
PROGRESS SAFE32 partition=1 keys=110000 ordinal=219999 cases=66880000 nodes=435736419 candidates=0 capped=0 long_erasure=0 seconds=235.213
PROGRESS SAFE32 partition=1 keys=120000 ordinal=239999 cases=72960000 nodes=470436980 candidates=0 capped=0 long_erasure=0 seconds=254.514
PROGRESS SAFE32 partition=1 keys=130000 ordinal=259999 cases=79040000 nodes=522439529 candidates=0 capped=0 long_erasure=0 seconds=282.338
PROGRESS SAFE32 partition=1 keys=140000 ordinal=279999 cases=85120000 nodes=556511879 candidates=0 capped=0 long_erasure=0 seconds=302.749
PROGRESS SAFE32 partition=1 keys=150000 ordinal=299999 cases=91200000 nodes=609192649 candidates=0 capped=0 long_erasure=0 seconds=330.991
PROGRESS SAFE32 partition=1 keys=160000 ordinal=319999 cases=97280000 nodes=643428412 candidates=0 capped=0 long_erasure=0 seconds=352.355
PROGRESS SAFE32 partition=1 keys=170000 ordinal=339999 cases=103360000 nodes=697563170 candidates=0 capped=0 long_erasure=0 seconds=380.853
PROGRESS SAFE32 partition=1 keys=180000 ordinal=359999 cases=109440000 nodes=731603060 candidates=64 capped=0 long_erasure=0 seconds=421.862
PROGRESS SAFE32 partition=1 keys=190000 ordinal=379999 cases=115520000 nodes=748536954 candidates=64 capped=0 long_erasure=0 seconds=459.089
PROGRESS SAFE32 partition=1 keys=200000 ordinal=399999 cases=121600000 nodes=761562930 candidates=64 capped=0 long_erasure=0 seconds=490.119
DONE SAFE32 partition=1 partitions=2 keys=208200 cases=126585600 rejected_known=100582563 nodes=806976833 candidates=64 capped=0 long_erasure=0 numeric_key_sum=335561229045396 ordinal_sum=43347240000 seconds=533.639
SAFE32_ZERO_POSITION partition=1 zero=1 keys=40320
SAFE32_ZERO_POSITION partition=1 zero=2 keys=22680
SAFE32_ZERO_POSITION partition=1 zero=3 keys=20880
SAFE32_ZERO_POSITION partition=1 zero=4 keys=20760
SAFE32_ZERO_POSITION partition=1 zero=5 keys=20712
SAFE32_ZERO_POSITION partition=1 zero=6 keys=20712
SAFE32_ZERO_POSITION partition=1 zero=7 keys=20712
SAFE32_ZERO_POSITION partition=1 zero=8 keys=0
SAFE32_ZERO_POSITION partition=1 zero=9 keys=41424
