Algorithms 16 key=Zombies
Extra algorithms 19 self-tests PASS key=Zombies
CONTROL label=control0 alg=cast-128 iv=48 language=0 nodes=1975 candidates=6 expected=1 capped=0
CONTROL label=control1 alg=cast-128 iv=48 language=1 nodes=1760 candidates=6 expected=1 capped=0
CONTROL label=control2 alg=cast-128 iv=48 language=0 nodes=39870 candidates=16 expected=1 capped=0
CONTROL label=control3 alg=cast-128 iv=48 language=1 nodes=23773 candidates=4 expected=1 capped=0
CONTROL label=control4 alg=cast-128 iv=0 language=0 nodes=2217 candidates=2 expected=1 capped=0
CONTROL label=control5 alg=cast-128 iv=0 language=1 nodes=1693 candidates=1 expected=1 capped=0
CONTROL label=control6 alg=cast-128 iv=0 language=0 nodes=33950 candidates=392 expected=1 capped=0
CONTROL label=control7 alg=cast-128 iv=0 language=1 nodes=18348 candidates=120 expected=1 capped=0
CONTROL label=control8 alg=gost iv=48 language=0 nodes=1858 candidates=1 expected=1 capped=0
CONTROL label=control9 alg=gost iv=48 language=1 nodes=1717 candidates=1 expected=1 capped=0
CONTROL label=control10 alg=gost iv=48 language=0 nodes=23692 candidates=64 expected=1 capped=0
CONTROL label=control11 alg=gost iv=48 language=1 nodes=15491 candidates=110 expected=1 capped=0
CONTROL label=control12 alg=gost iv=0 language=0 nodes=1828 candidates=7 expected=1 capped=0
CONTROL label=control13 alg=gost iv=0 language=1 nodes=2412 candidates=14 expected=1 capped=0
CONTROL label=control14 alg=gost iv=0 language=0 nodes=16164 candidates=4 expected=1 capped=0
CONTROL label=control15 alg=gost iv=0 language=1 nodes=63100 candidates=96 expected=1 capped=0
CONTROL label=control16 alg=rijndael-128 iv=48 language=0 nodes=1838 candidates=3 expected=1 capped=0
CONTROL label=control17 alg=rijndael-128 iv=48 language=1 nodes=1705 candidates=3 expected=1 capped=0
CONTROL label=control18 alg=rijndael-128 iv=48 language=0 nodes=18707 candidates=1 expected=1 capped=0
CONTROL label=control19 alg=rijndael-128 iv=48 language=1 nodes=15718 candidates=2 expected=1 capped=0
CONTROL label=control20 alg=rijndael-128 iv=0 language=0 nodes=1894 candidates=1 expected=1 capped=0
CONTROL label=control21 alg=rijndael-128 iv=0 language=1 nodes=1673 candidates=1 expected=1 capped=0
CONTROL label=control22 alg=rijndael-128 iv=0 language=0 nodes=17921 candidates=41 expected=1 capped=0
CONTROL label=control23 alg=rijndael-128 iv=0 language=1 nodes=15100 candidates=33 expected=1 capped=0
CONTROL label=control24 alg=twofish iv=48 language=0 nodes=1848 candidates=1 expected=1 capped=0
CONTROL label=control25 alg=twofish iv=48 language=1 nodes=1766 candidates=1 expected=1 capped=0
CONTROL label=control26 alg=twofish iv=48 language=0 nodes=13188 candidates=12 expected=1 capped=0
CONTROL label=control27 alg=twofish iv=48 language=1 nodes=11859 candidates=23 expected=1 capped=0
CONTROL label=control28 alg=twofish iv=0 language=0 nodes=1871 candidates=7 expected=1 capped=0
CONTROL label=control29 alg=twofish iv=0 language=1 nodes=1693 candidates=7 expected=1 capped=0
CONTROL label=control30 alg=twofish iv=0 language=0 nodes=12030 candidates=1 expected=1 capped=0
CONTROL label=control31 alg=twofish iv=0 language=1 nodes=12226 candidates=1 expected=1 capped=0
CONTROL label=control32 alg=cast-256 iv=48 language=0 nodes=1828 candidates=3 expected=1 capped=0
CONTROL label=control33 alg=cast-256 iv=48 language=1 nodes=1736 candidates=3 expected=1 capped=0
CONTROL label=control34 alg=cast-256 iv=48 language=0 nodes=18264 candidates=2 expected=1 capped=0
CONTROL label=control35 alg=cast-256 iv=48 language=1 nodes=16064 candidates=4 expected=1 capped=0
CONTROL label=control36 alg=cast-256 iv=0 language=0 nodes=1890 candidates=1 expected=1 capped=0
CONTROL label=control37 alg=cast-256 iv=0 language=1 nodes=1684 candidates=1 expected=1 capped=0
CONTROL label=control38 alg=cast-256 iv=0 language=0 nodes=16951 candidates=33 expected=1 capped=0
CONTROL label=control39 alg=cast-256 iv=0 language=1 nodes=17362 candidates=69 expected=1 capped=0
CONTROL label=control40 alg=loki97 iv=48 language=0 nodes=1776 candidates=1 expected=1 capped=0
CONTROL label=control41 alg=loki97 iv=48 language=1 nodes=1708 candidates=1 expected=1 capped=0
CONTROL label=control42 alg=loki97 iv=48 language=0 nodes=12605 candidates=33 expected=1 capped=0
CONTROL label=control43 alg=loki97 iv=48 language=1 nodes=12127 candidates=10 expected=1 capped=0
CONTROL label=control44 alg=loki97 iv=0 language=0 nodes=1824 candidates=7 expected=1 capped=0
CONTROL label=control45 alg=loki97 iv=0 language=1 nodes=1681 candidates=7 expected=1 capped=0
CONTROL label=control46 alg=loki97 iv=0 language=0 nodes=13477 candidates=2 expected=1 capped=0
CONTROL label=control47 alg=loki97 iv=0 language=1 nodes=11021 candidates=1 expected=1 capped=0
CONTROL label=control48 alg=rijndael-192 iv=48 language=0 nodes=1825 candidates=3 expected=1 capped=0
CONTROL label=control49 alg=rijndael-192 iv=48 language=1 nodes=1697 candidates=3 expected=1 capped=0
CONTROL label=control50 alg=rijndael-192 iv=48 language=0 nodes=18523 candidates=1 expected=1 capped=0
CONTROL label=control51 alg=rijndael-192 iv=48 language=1 nodes=17553 candidates=2 expected=1 capped=0
CONTROL label=control52 alg=rijndael-192 iv=0 language=0 nodes=1871 candidates=1 expected=1 capped=0
CONTROL label=control53 alg=rijndael-192 iv=0 language=1 nodes=1689 candidates=1 expected=1 capped=0
CONTROL label=control54 alg=rijndael-192 iv=0 language=0 nodes=18014 candidates=37 expected=1 capped=0
CONTROL label=control55 alg=rijndael-192 iv=0 language=1 nodes=16945 candidates=46 expected=1 capped=0
CONTROL label=control56 alg=saferplus iv=48 language=0 nodes=1871 candidates=1 expected=1 capped=0
CONTROL label=control57 alg=saferplus iv=48 language=1 nodes=1767 candidates=1 expected=1 capped=0
CONTROL label=control58 alg=saferplus iv=48 language=0 nodes=12579 candidates=7 expected=1 capped=0
CONTROL label=control59 alg=saferplus iv=48 language=1 nodes=11271 candidates=19 expected=1 capped=0
CONTROL label=control60 alg=saferplus iv=0 language=0 nodes=1842 candidates=7 expected=1 capped=0
CONTROL label=control61 alg=saferplus iv=0 language=1 nodes=1701 candidates=14 expected=1 capped=0
CONTROL label=control62 alg=saferplus iv=0 language=0 nodes=12504 candidates=1 expected=1 capped=0
CONTROL label=control63 alg=saferplus iv=0 language=1 nodes=11181 candidates=2 expected=1 capped=0
CONTROL label=control64 alg=blowfish-compat iv=48 language=0 nodes=1815 candidates=3 expected=1 capped=0
CONTROL label=control65 alg=blowfish-compat iv=48 language=1 nodes=1923 candidates=6 expected=1 capped=0
CONTROL label=control66 alg=blowfish-compat iv=48 language=0 nodes=23756 candidates=24 expected=1 capped=0
CONTROL label=control67 alg=blowfish-compat iv=48 language=1 nodes=16170 candidates=4 expected=1 capped=0
CONTROL label=control68 alg=blowfish-compat iv=0 language=0 nodes=1819 candidates=1 expected=1 capped=0
CONTROL label=control69 alg=blowfish-compat iv=0 language=1 nodes=1698 candidates=1 expected=1 capped=0
CONTROL label=control70 alg=blowfish-compat iv=0 language=0 nodes=25316 candidates=348 expected=1 capped=0
CONTROL label=control71 alg=blowfish-compat iv=0 language=1 nodes=28966 candidates=420 expected=1 capped=0
CONTROL label=control72 alg=des iv=48 language=0 nodes=2171 candidates=2 expected=1 capped=0
CONTROL label=control73 alg=des iv=48 language=1 nodes=1743 candidates=1 expected=1 capped=0
CONTROL label=control74 alg=des iv=48 language=0 nodes=71448 candidates=176 expected=1 capped=0
CONTROL label=control75 alg=des iv=48 language=1 nodes=14318 candidates=116 expected=1 capped=0
CONTROL label=control76 alg=des iv=0 language=0 nodes=2393 candidates=14 expected=1 capped=0
CONTROL label=control77 alg=des iv=0 language=1 nodes=1645 candidates=7 expected=1 capped=0
CONTROL label=control78 alg=des iv=0 language=0 nodes=76901 candidates=48 expected=1 capped=0
CONTROL label=control79 alg=des iv=0 language=1 nodes=37108 candidates=16 expected=1 capped=0
CONTROL label=control80 alg=rijndael-256 iv=48 language=0 nodes=1855 candidates=3 expected=1 capped=0
CONTROL label=control81 alg=rijndael-256 iv=48 language=1 nodes=1725 candidates=3 expected=1 capped=0
CONTROL label=control82 alg=rijndael-256 iv=48 language=0 nodes=16666 candidates=1 expected=1 capped=0
CONTROL label=control83 alg=rijndael-256 iv=48 language=1 nodes=15024 candidates=5 expected=1 capped=0
CONTROL label=control84 alg=rijndael-256 iv=0 language=0 nodes=1848 candidates=1 expected=1 capped=0
CONTROL label=control85 alg=rijndael-256 iv=0 language=1 nodes=1706 candidates=1 expected=1 capped=0
CONTROL label=control86 alg=rijndael-256 iv=0 language=0 nodes=18178 candidates=43 expected=1 capped=0
CONTROL label=control87 alg=rijndael-256 iv=0 language=1 nodes=15896 candidates=45 expected=1 capped=0
CONTROL label=control88 alg=serpent iv=48 language=0 nodes=1846 candidates=1 expected=1 capped=0
CONTROL label=control89 alg=serpent iv=48 language=1 nodes=1772 candidates=1 expected=1 capped=0
CONTROL label=control90 alg=serpent iv=48 language=0 nodes=12148 candidates=31 expected=1 capped=0
CONTROL label=control91 alg=serpent iv=48 language=1 nodes=12312 candidates=37 expected=1 capped=0
CONTROL label=control92 alg=serpent iv=0 language=0 nodes=1858 candidates=7 expected=1 capped=0
CONTROL label=control93 alg=serpent iv=0 language=1 nodes=1616 candidates=7 expected=1 capped=0
CONTROL label=control94 alg=serpent iv=0 language=0 nodes=13627 candidates=2 expected=1 capped=0
CONTROL label=control95 alg=serpent iv=0 language=1 nodes=12379 candidates=1 expected=1 capped=0
CONTROL label=control96 alg=xtea iv=48 language=0 nodes=2382 candidates=6 expected=1 capped=0
CONTROL label=control97 alg=xtea iv=48 language=1 nodes=2247 candidates=6 expected=1 capped=0
CONTROL label=control98 alg=xtea iv=48 language=0 nodes=141416 candidates=192 expected=1 capped=0
CONTROL label=control99 alg=xtea iv=48 language=1 nodes=56150 candidates=48 expected=1 capped=0
CONTROL label=control100 alg=xtea iv=0 language=0 nodes=1830 candidates=1 expected=1 capped=0
CONTROL label=control101 alg=xtea iv=0 language=1 nodes=1693 candidates=1 expected=1 capped=0
CONTROL label=control102 alg=xtea iv=0 language=0 nodes=93125 candidates=1120 expected=1 capped=0
CONTROL label=control103 alg=xtea iv=0 language=1 nodes=14545 candidates=27 expected=1 capped=0
CONTROL label=control104 alg=blowfish iv=48 language=0 nodes=1804 candidates=1 expected=1 capped=0
CONTROL label=control105 alg=blowfish iv=48 language=1 nodes=1799 candidates=1 expected=1 capped=0
CONTROL label=control106 alg=blowfish iv=48 language=0 nodes=27401 candidates=40 expected=1 capped=0
CONTROL label=control107 alg=blowfish iv=48 language=1 nodes=20865 candidates=304 expected=1 capped=0
CONTROL label=control108 alg=blowfish iv=0 language=0 nodes=1833 candidates=7 expected=1 capped=0
CONTROL label=control109 alg=blowfish iv=0 language=1 nodes=1761 candidates=14 expected=1 capped=0
CONTROL label=control110 alg=blowfish iv=0 language=0 nodes=75128 candidates=128 expected=1 capped=0
CONTROL label=control111 alg=blowfish iv=0 language=1 nodes=19898 candidates=12 expected=1 capped=0
CONTROL label=control112 alg=rc2 iv=48 language=0 nodes=1957 candidates=6 expected=1 capped=0
CONTROL label=control113 alg=rc2 iv=48 language=1 nodes=1718 candidates=3 expected=1 capped=0
CONTROL label=control114 alg=rc2 iv=48 language=0 nodes=671953 candidates=2048 expected=1 capped=0
CONTROL label=control115 alg=rc2 iv=48 language=1 nodes=71505 candidates=48 expected=1 capped=0
CONTROL label=control116 alg=rc2 iv=0 language=0 nodes=2186 candidates=2 expected=1 capped=0
CONTROL label=control117 alg=rc2 iv=0 language=1 nodes=1659 candidates=1 expected=1 capped=0
CONTROL label=control118 alg=rc2 iv=0 language=0 nodes=652291 candidates=50560 expected=1 capped=0
CONTROL label=control119 alg=rc2 iv=0 language=1 nodes=32748 candidates=312 expected=1 capped=0
CONTROL label=control120 alg=tripledes iv=48 language=0 nodes=2171 candidates=2 expected=1 capped=0
CONTROL label=control121 alg=tripledes iv=48 language=1 nodes=1743 candidates=1 expected=1 capped=0
CONTROL label=control122 alg=tripledes iv=48 language=0 nodes=71448 candidates=176 expected=1 capped=0
CONTROL label=control123 alg=tripledes iv=48 language=1 nodes=14318 candidates=116 expected=1 capped=0
CONTROL label=control124 alg=tripledes iv=0 language=0 nodes=2393 candidates=14 expected=1 capped=0
CONTROL label=control125 alg=tripledes iv=0 language=1 nodes=1645 candidates=7 expected=1 capped=0
CONTROL label=control126 alg=tripledes iv=0 language=0 nodes=76901 candidates=48 expected=1 capped=0
CONTROL label=control127 alg=tripledes iv=0 language=1 nodes=37108 candidates=16 expected=1 capped=0
CONTROL label=control128 alg=threeway iv=48 language=0 nodes=1817 candidates=3 expected=1 capped=0
CONTROL label=control129 alg=threeway iv=48 language=1 nodes=1706 candidates=3 expected=1 capped=0
CONTROL label=control130 alg=threeway iv=48 language=0 nodes=18107 candidates=1 expected=1 capped=0
CONTROL label=control131 alg=threeway iv=48 language=1 nodes=15696 candidates=3 expected=1 capped=0
CONTROL label=control132 alg=threeway iv=0 language=0 nodes=1858 candidates=1 expected=1 capped=0
CONTROL label=control133 alg=threeway iv=0 language=1 nodes=1718 candidates=1 expected=1 capped=0
CONTROL label=control134 alg=threeway iv=0 language=0 nodes=17123 candidates=29 expected=1 capped=0
CONTROL label=control135 alg=threeway iv=0 language=1 nodes=15692 candidates=41 expected=1 capped=0
CONTROL label=control136 alg=safer_sk64 iv=48 language=0 nodes=1833 candidates=1 expected=1 capped=0
CONTROL label=control137 alg=safer_sk64 iv=48 language=1 nodes=1696 candidates=1 expected=1 capped=0
CONTROL label=control138 alg=safer_sk64 iv=48 language=0 nodes=36520 candidates=352 expected=1 capped=0
CONTROL label=control139 alg=safer_sk64 iv=48 language=1 nodes=11125 candidates=13 expected=1 capped=0
CONTROL label=control140 alg=safer_sk64 iv=0 language=0 nodes=1790 candidates=7 expected=1 capped=0
CONTROL label=control141 alg=safer_sk64 iv=0 language=1 nodes=2823 candidates=14 expected=1 capped=0
CONTROL label=control142 alg=safer_sk64 iv=0 language=0 nodes=48592 candidates=96 expected=1 capped=0
CONTROL label=control143 alg=safer_sk64 iv=0 language=1 nodes=30507 candidates=9 expected=1 capped=0
CONTROL label=control144 alg=safer_sk128 iv=48 language=0 nodes=2562 candidates=6 expected=1 capped=0
CONTROL label=control145 alg=safer_sk128 iv=48 language=1 nodes=1711 candidates=3 expected=1 capped=0
CONTROL label=control146 alg=safer_sk128 iv=48 language=0 nodes=28797 candidates=16 expected=1 capped=0
CONTROL label=control147 alg=safer_sk128 iv=48 language=1 nodes=45861 candidates=32 expected=1 capped=0
CONTROL label=control148 alg=safer_sk128 iv=0 language=0 nodes=1836 candidates=1 expected=1 capped=0
CONTROL label=control149 alg=safer_sk128 iv=0 language=1 nodes=2622 candidates=2 expected=1 capped=0
CONTROL label=control150 alg=safer_sk128 iv=0 language=0 nodes=277737 candidates=7168 expected=1 capped=0
CONTROL label=control151 alg=safer_sk128 iv=0 language=1 nodes=28119 candidates=360 expected=1 capped=0
DONE mode=controls cases=152 nodes=3790831 candidates=66113 rejected_known=0 capped=0 long_erasure=0 seconds=81.0122
